type octile
height 42
width 33
map
@@@@@@@@@@@@@........@@@@@@@@@@@@
@@@@@@@@@@@@@........@@@@@@@@@@@@
@@@@@@@@@@@@@........@@.@@@@@@@@@
@@@@@@@@@@@...............@@@@@@@
@@@@@@@@@.................@@@@@@@
@@@@@@....................@@@@@@@
@@@@@.......................@@@@@
@@@@@........................@@@@
@@@@............................@
@@@.............................@
@@@.............................@
@@............@@@@@@...........@@
@...........@@@@@@@@@...........@
@..........@@@@@@@@@@@@.........@
@.........@@@@@@@@@@@@@..........
@.........@@@@@@@@@@@@@@.........
@........@@@@@@@@@@@@@@@.........
..........@@@@@@@@@@@@@@@........
...........@@@@@@@@@@@@@.........
...........@@@@@@@@@@@@@.........
..........@@@@@@@@@@@@@@.........
..........@@@@@@@@@@@@@@.........
@.........@@@@@@@@@@@@@..........
@.........@@@@@@@@@@@@@..........
@...........@@@@@@@@@@..........@
@@...........@@@@@@@............@
@@..................@..........@@
@@@...........................@@@
@@@...........................@@@
@@@@.........................@@@@
@@@@@.......................@@@@@
@@@@@@@..........@@@........@@@@@
@@@@@@@@...@......@@......@@@@@@@
@@@@@@@@@........@.....@@@@@@@@@@
@@@@@@@@@@.............@@@@@@@@@@
@@@@@@@@@@@..@.........@@@@@@@@@@
@@@@@@@@@@@@...........@@@@@@@@@@
@@@@@@@@@@@@.@.........@@@@@@@@@@
@@@@@@@@@@@@@@..@@.....@@@@@@@@@@
@@@@@@@@@@@@@@...@.....@@@@@@@@@@
@@@@@@@@@@@@@@.........@@@@@@@@@@
@@@@@@@@@@@@@@....@....@@@@@@@@@@
