type octile
height 34
width 31
map
T..T@@@@@@@@@@@@@@@@@@@@@T...T@
T..T@@@@@@@@@@@@@@@@@@@TTT...T@
T..TTTT@@TTTT@@TTTTT@TT......T@
T......TT....TT.....T........T@
T..........................TT@@
T..........................T@@@
T.........................T@@@@
T.........................T@@@@
@TT........................T@@@
@@T........................T@@@
@@T.......T................T@@@
@@T......T@TTTTTT..........T@@@
@@T......T@@@@@@T...........T@@
@@@TTTTTT@@@@@@@T....TTTTTTT@@@
@@@@@@@@@@@@@@@@T....T@@@@@@@@@
@@@TTTTTTTT@@@@TT....T@@@@@@@@@
@@T........T@@T.......T@@@@@@@@
@@T...TT..T@@@@T......T@@@@@@@@
@@T...T@TT@@@@@T.......T@@@@@@@
@@T...T@@@@@@@@T........T@@@@@@
@@T...T@@TT@@@TT.........T@@@@@
@@T....TT..TTT...........TTTT@@
T..................T@T.......T@
...................T@T........T
...................T@T.........
...................T@T........T
TT.................T@T.......T@
@T.................T@@T......T@
@@T..............TT@@@T....TT@@
@@T........TT....T@@@T....T@@@@
@@T....TTTT@@T...T@@@T.....T@@@
@@T...T@@@@@@T..T@@@@@TTTT.T@@@
@@T...T@@@@@@@TT@@@@@@@@@T.T@@@
@@T....T@@@@@@@@@@@@@@@@@T.T@@@
